// Jest Snapshot v1, https://goo.gl/fbAQLP

exports[`Component - App Matches snapshot 1`] = `
<DocumentFragment>
  <div>
    <h1>
      Welcome to bookstore App.
    </h1>
  </div>
</DocumentFragment>
`;
